// Jest Snapshot v1, https://goo.gl/fbAQLP

exports[`snapshot of tile should match snapshot 1`] = `
<Fragment>
  <div
    className="col-xs-12 col-sm-6 col-md-4 col-lg-3"
  >
    <div
      className="card-pf card-pf-view card-pf-view-select card-pf-view-single-select"
      onClick={[Function]}
      title="OrganizationalUnitDeletedCannotBeOpened"
    >
      <div
        className="card-pf-body"
      >
        <div>
          <div
            className="card-pf-title"
            style={
              Object {
                "display": "flex",
              }
            }
          >
            <h2
              className="card-pf-title"
            >
               
              Foo
               
            </h2>
          </div>
          <h5>
            NumberOfContributors
          </h5>
        </div>
        <div
          className="right"
        >
          <span
            className="card-pf-icon-circle"
          >
            0
          </span>
        </div>
      </div>
    </div>
  </div>
</Fragment>
`;
